2025-12-04 19:29:37 - __main__ - INFO - ✅ لا توجد ملفات قديمة للحذف
2025-12-04 19:29:37 - __main__ - INFO - 🚀 بدء تشغيل البوت في: 2025-12-04 19:29:37
2025-12-04 19:29:37 - __main__ - INFO - 📊 إعدادات البوت: GROUP=-1002362405787, TOPIC_NEW=2, TOPIC_APPLIED=3
2025-12-04 19:29:37 - __main__ - INFO - 📊 معلومات اللوغات: 1 ملفات، 0.00 MB
2025-12-04 19:29:42 - telegram.ext.Application - INFO - Application started
2025-12-04 19:29:44 - __main__ - INFO - 📥 رسالة جديدة من Kasim95 في توبيك الوظائف: 1031
2025-12-04 19:29:46 - __main__ - INFO - ✅ تم إضافة زر للرسالة: 1031
2025-12-04 19:30:53 - __main__ - INFO - 🎯 زر مضغوط بواسطة @Kasim95 (ID: 35888192)
2025-12-04 19:30:53 - __main__ - INFO - 📝 طلب تأكيد من @Kasim95 للرسالة 1031
2025-12-04 19:30:58 - __main__ - INFO - 🎯 زر مضغوط بواسطة @Kasim95 (ID: 35888192)
2025-12-04 19:30:58 - __main__ - INFO - ❌ تم إلغاء النقل من قبل @Kasim95
2025-12-04 19:31:31 - __main__ - INFO - 🎯 زر مضغوط بواسطة @Kasim95 (ID: 35888192)
2025-12-04 19:31:31 - __main__ - INFO - 📝 طلب تأكيد من @Kasim95 للرسالة 1031
2025-12-04 19:31:48 - __main__ - INFO - 🎯 زر مضغوط بواسطة @Kasim95 (ID: 35888192)
2025-12-04 19:31:48 - __main__ - INFO - 🔄 بدء نقل الرسالة 1031 بواسطة @Kasim95
2025-12-04 19:31:49 - __main__ - INFO - 📝 تم نقل رسالة نصية: 1031
2025-12-04 19:31:49 - __main__ - INFO - 🗑️ تم حذف الرسالة الأصلية: 1031
2025-12-04 19:31:50 - __main__ - INFO - 🗑️ تم حذف رسالة التأكيد
2025-12-04 19:31:50 - __main__ - INFO - ✅ تم نقل الرسالة 1031 بنجاح بواسطة @Kasim95
2025-12-04 19:32:14 - __main__ - INFO - 📥 رسالة جديدة من Kasim95 في توبيك الوظائف: 1034
2025-12-04 19:32:15 - __main__ - INFO - ✅ تم إضافة زر للرسالة: 1034
2025-12-04 19:32:17 - __main__ - INFO - 🎯 زر مضغوط بواسطة @Kasim95 (ID: 35888192)
2025-12-04 19:32:17 - __main__ - INFO - 📝 طلب تأكيد من @Kasim95 للرسالة 1034
2025-12-04 19:32:20 - __main__ - INFO - 🎯 زر مضغوط بواسطة @Kasim95 (ID: 35888192)
2025-12-04 19:32:20 - __main__ - INFO - 🔄 بدء نقل الرسالة 1034 بواسطة @Kasim95
2025-12-04 19:32:20 - __main__ - INFO - 📝 تم نقل رسالة نصية: 1034
2025-12-04 19:32:21 - __main__ - INFO - 🗑️ تم حذف الرسالة الأصلية: 1034
2025-12-04 19:32:21 - __main__ - INFO - 🗑️ تم حذف رسالة التأكيد
2025-12-04 19:32:21 - __main__ - INFO - ✅ تم نقل الرسالة 1034 بنجاح بواسطة @Kasim95
2025-12-04 19:33:17 - telegram.ext.Application - INFO - Application is stopping. This might take a moment.
2025-12-04 19:33:17 - telegram.ext.Application - INFO - Application.stop() complete
2025-12-04 19:33:17 - __main__ - INFO - 🛑 إيقاف البوت في: 2025-12-04 19:33:17
2025-12-04 19:34:51 - __main__ - INFO - ✅ لا توجد ملفات قديمة للحذف
2025-12-04 19:34:51 - __main__ - INFO - 🚀 بدء تشغيل البوت في: 2025-12-04 19:34:51
2025-12-04 19:34:51 - __main__ - INFO - 📊 إعدادات البوت: GROUP=-1002362405787, TOPIC_NEW=2, TOPIC_APPLIED=3
2025-12-04 19:34:51 - __main__ - INFO - 📊 معلومات اللوغات: 1 ملفات، 0.00 MB
2025-12-04 19:34:54 - telegram.ext.Application - INFO - Application started
2025-12-04 19:35:27 - __main__ - INFO - 📥 رسالة جديدة من Kasim95 في توبيك الوظائف: 1037
2025-12-04 19:35:28 - __main__ - INFO - ✅ تم إضافة زر للرسالة: 1037
2025-12-04 19:35:40 - __main__ - INFO - 🎯 زر مضغوط بواسطة @Kasim95 (ID: 35888192)
2025-12-04 19:35:40 - __main__ - INFO - 📝 طلب تأكيد من @Kasim95 للرسالة 1037
2025-12-04 19:35:44 - __main__ - INFO - 🎯 زر مضغوط بواسطة @Kasim95 (ID: 35888192)
2025-12-04 19:35:44 - __main__ - INFO - ❌ تم إلغاء النقل من قبل @Kasim95
2025-12-04 19:35:48 - __main__ - INFO - 🎯 زر مضغوط بواسطة @Kasim95 (ID: 35888192)
2025-12-04 19:35:48 - __main__ - INFO - 📝 طلب تأكيد من @Kasim95 للرسالة 1037
2025-12-04 19:35:50 - __main__ - INFO - 🎯 زر مضغوط بواسطة @Kasim95 (ID: 35888192)
2025-12-04 19:35:50 - __main__ - INFO - 🔄 بدء نقل الرسالة 1037 بواسطة @Kasim95
2025-12-04 19:35:50 - __main__ - INFO - 🖼️ تم نقل صورة: 1037
2025-12-04 19:35:51 - __main__ - INFO - 🗑️ تم حذف الرسالة الأصلية: 1037
2025-12-04 19:35:51 - __main__ - INFO - 🗑️ تم حذف رسالة التأكيد
2025-12-04 19:35:51 - __main__ - INFO - ✅ تم نقل الرسالة 1037 بنجاح بواسطة @Kasim95
2025-12-04 19:36:07 - telegram.ext.Application - INFO - Application is stopping. This might take a moment.
2025-12-04 19:36:07 - telegram.ext.Application - INFO - Application.stop() complete
2025-12-04 19:36:07 - __main__ - INFO - 🛑 إيقاف البوت في: 2025-12-04 19:36:07
2025-12-04 19:44:58 - __main__ - INFO - ✅ لا توجد ملفات قديمة للحذف
2025-12-04 19:44:58 - __main__ - INFO - 🚀 بدء تشغيل البوت في: 2025-12-04 19:44:58
2025-12-04 19:44:58 - __main__ - INFO - 📊 إعدادات البوت: GROUP=-1002362405787
2025-12-04 19:44:58 - __main__ - INFO - 📌 توبيكات المصدر: [2, 1]
2025-12-04 19:44:58 - __main__ - INFO - 🎯 توبيك الهدف: 3
2025-12-04 19:44:58 - __main__ - INFO - 📊 معلومات اللوغات: 1 ملفات، 0.01 MB
2025-12-04 19:45:01 - telegram.ext.Application - INFO - Application started
2025-12-04 20:07:34 - telegram.ext.Application - INFO - Application is stopping. This might take a moment.
2025-12-04 20:07:34 - telegram.ext.Application - INFO - Application.stop() complete
2025-12-04 20:07:34 - __main__ - INFO - 🛑 إيقاف البوت في: 2025-12-04 20:07:34
2025-12-04 20:09:50 - __main__ - INFO - ✅ لا توجد ملفات قديمة للحذف
2025-12-04 20:09:50 - __main__ - INFO - 🚀 بدء تشغيل البوت في: 2025-12-04 20:09:50
2025-12-04 20:09:50 - __main__ - INFO - 📊 إعدادات البوت: GROUP=-1002362405787
2025-12-04 20:09:50 - __main__ - INFO - 📌 توبيكات المصدر: [2, 62]
2025-12-04 20:09:50 - __main__ - INFO - 🎯 توبيك الهدف: 3
2025-12-04 20:09:50 - __main__ - INFO - 📊 معلومات اللوغات: 1 ملفات، 0.01 MB
2025-12-04 20:09:53 - telegram.ext.Application - INFO - Application started
2025-12-04 20:10:06 - __main__ - INFO - 📥 رسالة جديدة من Kasim95 في توبيك 62: 1042
2025-12-04 20:10:11 - __main__ - ERROR - ❌ خطأ في إضافة الزر: Timed out
2025-12-04 20:10:48 - __main__ - INFO - 📥 رسالة جديدة من Kasim95 في توبيك 2: 1043
2025-12-04 20:10:53 - __main__ - ERROR - ❌ خطأ في إضافة الزر: Timed out
2025-12-04 20:11:01 - __main__ - INFO - 🛑 إيقاف البوت في: 2025-12-04 20:11:01
2025-12-04 20:24:58 - __main__ - INFO - ✅ تم تنظيف 0 ملف قديم
2025-12-04 20:24:58 - __main__ - INFO - 🚀 بدء تشغيل البوت في: 2025-12-04 20:24:58
2025-12-04 20:24:58 - __main__ - INFO - 📊 إعدادات البوت: GROUP=-1002362405787
2025-12-04 20:24:58 - __main__ - INFO - 📌 توبيكات المصدر: [2, 62]
2025-12-04 20:24:58 - __main__ - INFO - 🎯 توبيك الهدف: 3
2025-12-04 20:25:03 - telegram.ext.Application - INFO - Application started
2025-12-04 20:25:37 - __main__ - INFO - 📥 رسالة جديدة من Kasim95 في توبيك 2: 1044
2025-12-04 20:25:37 - __main__ - ERROR - ❌ خطأ في إضافة الزر: Unknown error in HTTP implementation: TypeError('Object of type InlineKeyboardButton is not JSON serializable')
2025-12-04 20:25:59 - telegram.ext.Application - INFO - Application is stopping. This might take a moment.
2025-12-04 20:25:59 - telegram.ext.Application - INFO - Application.stop() complete
2025-12-04 20:25:59 - __main__ - INFO - 🛑 إيقاف البوت في: 2025-12-04 20:25:59
2025-12-04 20:26:41 - __main__ - INFO - ✅ لا توجد ملفات قديمة للحذف
2025-12-04 20:26:41 - __main__ - INFO - 🚀 بدء تشغيل البوت في: 2025-12-04 20:26:41
2025-12-04 20:26:41 - __main__ - INFO - 📊 إعدادات البوت: GROUP=-1002362405787, TOPIC_NEW=2, TOPIC_APPLIED=3
2025-12-04 20:26:41 - __main__ - INFO - 📊 معلومات اللوغات: 1 ملفات، 0.01 MB
2025-12-04 20:26:44 - telegram.ext.Application - INFO - Application started
2025-12-04 20:27:00 - __main__ - ERROR - ⚠️ خطأ في النظام: Timed out
2025-12-04 20:27:00 - __main__ - ERROR - 📝 تفاصيل الرسالة: 9
2025-12-04 20:27:00 - __main__ - ERROR - 👤 المستخدم: Kasim95
2025-12-04 20:27:31 - __main__ - INFO - ✅ أمر /start تم استقباله
2025-12-04 20:27:45 - __main__ - INFO - 📥 رسالة جديدة من Kasim95 في توبيك الوظائف: 1045
2025-12-04 20:27:46 - __main__ - INFO - ✅ تم إضافة زر للرسالة: 1045
2025-12-04 20:27:49 - __main__ - INFO - 🎯 زر مضغوط بواسطة @Kasim95 (ID: 35888192)
2025-12-04 20:27:49 - __main__ - INFO - 📝 طلب تأكيد من @Kasim95 للرسالة 1045
2025-12-04 20:27:52 - __main__ - INFO - 🎯 زر مضغوط بواسطة @Kasim95 (ID: 35888192)
2025-12-04 20:27:52 - __main__ - INFO - ❌ تم إلغاء النقل من قبل @Kasim95
2025-12-04 20:27:55 - __main__ - INFO - 🎯 زر مضغوط بواسطة @Kasim95 (ID: 35888192)
2025-12-04 20:27:55 - __main__ - INFO - 📝 طلب تأكيد من @Kasim95 للرسالة 1045
2025-12-04 20:27:57 - __main__ - INFO - 🎯 زر مضغوط بواسطة @Kasim95 (ID: 35888192)
2025-12-04 20:27:57 - __main__ - INFO - 🔄 بدء نقل الرسالة 1045 بواسطة @Kasim95
2025-12-04 20:27:58 - __main__ - INFO - 📝 تم نقل رسالة نصية: 1045
2025-12-04 20:27:58 - __main__ - INFO - 🗑️ تم حذف الرسالة الأصلية: 1045
2025-12-04 20:27:58 - __main__ - INFO - 🗑️ تم حذف رسالة التأكيد
2025-12-04 20:27:58 - __main__ - INFO - ✅ تم نقل الرسالة 1045 بنجاح بواسطة @Kasim95
2025-12-04 20:28:14 - __main__ - INFO - 📥 رسالة جديدة من Kasim95 في توبيك الوظائف: 1048
2025-12-04 20:28:17 - __main__ - INFO - ✅ تم إضافة زر للرسالة: 1048
2025-12-04 20:28:22 - __main__ - INFO - 🎯 زر مضغوط بواسطة @Kasim95 (ID: 35888192)
2025-12-04 20:28:22 - __main__ - INFO - 📝 طلب تأكيد من @Kasim95 للرسالة 1048
2025-12-04 20:28:24 - __main__ - INFO - 🎯 زر مضغوط بواسطة @Kasim95 (ID: 35888192)
2025-12-04 20:28:24 - __main__ - INFO - 🔄 بدء نقل الرسالة 1048 بواسطة @Kasim95
2025-12-04 20:28:24 - __main__ - INFO - 🖼️ تم نقل صورة: 1048
2025-12-04 20:28:25 - __main__ - INFO - 🗑️ تم حذف الرسالة الأصلية: 1048
2025-12-04 20:28:27 - __main__ - INFO - 🗑️ تم حذف رسالة التأكيد
2025-12-04 20:28:27 - __main__ - INFO - ✅ تم نقل الرسالة 1048 بنجاح بواسطة @Kasim95
2025-12-04 20:43:50 - telegram.ext.Application - INFO - Application is stopping. This might take a moment.
2025-12-04 20:43:50 - telegram.ext.Application - INFO - Application.stop() complete
2025-12-04 20:43:50 - __main__ - INFO - 🛑 إيقاف البوت في: 2025-12-04 20:43:50
2025-12-04 20:44:06 - __main__ - INFO - ✅ لا توجد ملفات قديمة للحذف
2025-12-04 20:44:06 - __main__ - INFO - 🚀 بدء تشغيل البوت في: 2025-12-04 20:44:06
2025-12-04 20:44:06 - __main__ - INFO - 📊 إعدادات البوت: GROUP=-1002362405787, TOPIC_SMSM_NEW=2, TOPIC_Habhoubeh_NEW=62, TOPIC_APPLIED=3
2025-12-04 20:44:06 - __main__ - INFO - 📊 معلومات اللوغات: 1 ملفات، 0.01 MB
2025-12-04 20:44:11 - telegram.ext.Application - INFO - Application started
2025-12-04 20:44:52 - __main__ - INFO - ✅ أمر /start تم استقباله
2025-12-04 20:45:02 - __main__ - INFO - 📥 رسالة جديدة من Kasim95 في توبيك الوظائف: 1051
2025-12-04 20:45:04 - __main__ - INFO - ✅ تم إضافة زر للرسالة: 1051
2025-12-04 20:45:08 - __main__ - INFO - 🎯 زر مضغوط بواسطة @Kasim95 (ID: 35888192)
2025-12-04 20:45:08 - __main__ - INFO - 📝 طلب تأكيد من @Kasim95 للرسالة 1051
2025-12-04 20:45:11 - __main__ - INFO - 🎯 زر مضغوط بواسطة @Kasim95 (ID: 35888192)
2025-12-04 20:45:11 - __main__ - INFO - ❌ تم إلغاء النقل من قبل @Kasim95
2025-12-04 20:45:14 - __main__ - INFO - 🎯 زر مضغوط بواسطة @Kasim95 (ID: 35888192)
2025-12-04 20:45:14 - __main__ - INFO - 📝 طلب تأكيد من @Kasim95 للرسالة 1051
2025-12-04 20:45:16 - __main__ - INFO - 🎯 زر مضغوط بواسطة @Kasim95 (ID: 35888192)
2025-12-04 20:45:16 - __main__ - INFO - 🔄 بدء نقل الرسالة 1051 بواسطة @Kasim95
2025-12-04 20:45:16 - __main__ - INFO - 📝 تم نقل رسالة نصية: 1051
2025-12-04 20:45:17 - __main__ - INFO - 🗑️ تم حذف الرسالة الأصلية: 1051
2025-12-04 20:45:18 - __main__ - INFO - 🗑️ تم حذف رسالة التأكيد
2025-12-04 20:45:18 - __main__ - INFO - ✅ تم نقل الرسالة 1051 بنجاح بواسطة @Kasim95
2025-12-04 20:45:27 - __main__ - INFO - 📥 رسالة جديدة من Kasim95 في توبيك الوظائف: 1054
2025-12-04 20:45:32 - __main__ - INFO - ✅ تم إضافة زر للرسالة: 1054
2025-12-04 20:45:35 - __main__ - INFO - 🎯 زر مضغوط بواسطة @Kasim95 (ID: 35888192)
2025-12-04 20:45:35 - __main__ - INFO - 📝 طلب تأكيد من @Kasim95 للرسالة 1054
2025-12-04 20:45:37 - __main__ - INFO - 🎯 زر مضغوط بواسطة @Kasim95 (ID: 35888192)
2025-12-04 20:45:37 - __main__ - INFO - ❌ تم إلغاء النقل من قبل @Kasim95
2025-12-04 20:45:41 - __main__ - INFO - 🎯 زر مضغوط بواسطة @Kasim95 (ID: 35888192)
2025-12-04 20:45:41 - __main__ - INFO - 📝 طلب تأكيد من @Kasim95 للرسالة 1054
2025-12-04 20:45:43 - __main__ - INFO - 🎯 زر مضغوط بواسطة @Kasim95 (ID: 35888192)
2025-12-04 20:45:43 - __main__ - INFO - 🔄 بدء نقل الرسالة 1054 بواسطة @Kasim95
2025-12-04 20:45:44 - __main__ - INFO - 📝 تم نقل رسالة نصية: 1054
2025-12-04 20:45:45 - __main__ - INFO - 🗑️ تم حذف الرسالة الأصلية: 1054
2025-12-04 20:45:45 - __main__ - INFO - 🗑️ تم حذف رسالة التأكيد
2025-12-04 20:45:45 - __main__ - INFO - ✅ تم نقل الرسالة 1054 بنجاح بواسطة @Kasim95
2025-12-04 20:47:06 - __main__ - INFO - 📥 رسالة جديدة من BebaHL في توبيك الوظائف: 1057
2025-12-04 20:47:09 - __main__ - INFO - ✅ تم إضافة زر للرسالة: 1057
2025-12-04 20:47:12 - __main__ - INFO - 🎯 زر مضغوط بواسطة @BebaHL (ID: 194248682)
2025-12-04 20:47:12 - __main__ - INFO - 📝 طلب تأكيد من @BebaHL للرسالة 1057
2025-12-04 20:47:18 - __main__ - INFO - 🎯 زر مضغوط بواسطة @BebaHL (ID: 194248682)
2025-12-04 20:47:18 - __main__ - INFO - 🔄 بدء نقل الرسالة 1057 بواسطة @BebaHL
2025-12-04 20:47:18 - __main__ - ERROR - ❌ خطأ في نقل الرسالة 1057: Message caption is too long
2025-12-04 20:47:42 - __main__ - INFO - 📥 رسالة جديدة من BebaHL في توبيك الوظائف: 1059
2025-12-04 20:47:44 - __main__ - INFO - ✅ تم إضافة زر للرسالة: 1059
2025-12-04 20:47:47 - __main__ - INFO - 🎯 زر مضغوط بواسطة @BebaHL (ID: 194248682)
2025-12-04 20:47:47 - __main__ - INFO - 📝 طلب تأكيد من @BebaHL للرسالة 1059
2025-12-04 20:47:50 - __main__ - INFO - 🎯 زر مضغوط بواسطة @BebaHL (ID: 194248682)
2025-12-04 20:47:50 - __main__ - INFO - ❌ تم إلغاء النقل من قبل @BebaHL
2025-12-04 20:47:53 - __main__ - INFO - 🎯 زر مضغوط بواسطة @BebaHL (ID: 194248682)
2025-12-04 20:47:53 - __main__ - INFO - 📝 طلب تأكيد من @BebaHL للرسالة 1059
2025-12-04 20:47:56 - __main__ - INFO - 🎯 زر مضغوط بواسطة @BebaHL (ID: 194248682)
2025-12-04 20:47:56 - __main__ - INFO - 🔄 بدء نقل الرسالة 1059 بواسطة @BebaHL
2025-12-04 20:47:57 - __main__ - INFO - 🖼️ تم نقل صورة: 1059
2025-12-04 20:47:57 - __main__ - INFO - 🗑️ تم حذف الرسالة الأصلية: 1059
2025-12-04 20:47:57 - __main__ - INFO - 🗑️ تم حذف رسالة التأكيد
2025-12-04 20:47:57 - __main__ - INFO - ✅ تم نقل الرسالة 1059 بنجاح بواسطة @BebaHL
2025-12-04 20:48:51 - telegram.ext.Application - INFO - Application is stopping. This might take a moment.
2025-12-04 20:48:51 - telegram.ext.Application - INFO - Application.stop() complete
2025-12-04 20:48:51 - __main__ - INFO - 🛑 إيقاف البوت في: 2025-12-04 20:48:51
